// Jest Snapshot v1, https://goo.gl/fbAQLP

exports[`DateTimeSelect matches snapshot 1`] = `
<div
  aria-describedby={undefined}
  className="MuiFormControl-root-3"
  onClick={[Function]}
  onError={undefined}
  onKeyPress={[Function]}
>
  <label
    className="MuiFormLabel-root-12 MuiFormLabel-error-15 MuiInputLabel-root-7 MuiInputLabel-formControl-8 MuiInputLabel-animated-11 MuiInputLabel-shrink-10"
    data-shrink={true}
    htmlFor={undefined}
  >
    Date
  </label>
  <div
    className="MuiInput-root-17 MuiInput-error-22 MuiInput-formControl-18 MuiInput-underline-21 WithUtils-DateTextField--input-2"
  >
    <input
      aria-invalid={true}
      autoComplete={undefined}
      autoFocus={undefined}
      className="MuiInput-input-25"
      defaultValue={undefined}
      disabled={false}
      id={undefined}
      mask={null}
      name="createdAt"
      onBlur={[Function]}
      onChange={[Function]}
      onFocus={[Function]}
      onKeyDown={undefined}
      onKeyUp={undefined}
      placeholder={undefined}
      readOnly={true}
      required={undefined}
      rows={undefined}
      type="text"
      value="Unknown"
    />
  </div>
  <p
    className="MuiFormHelperText-root-30 MuiFormHelperText-error-31"
    id={undefined}
  >
    Invalid Date Format
  </p>
</div>
`;
