// Jest Snapshot v1, https://goo.gl/fbAQLP

exports[`Header matches snapshot 1`] = `
<header
  className="MuiPaper-root-10 MuiPaper-elevation4-16 MuiAppBar-root-2 MuiAppBar-positionStatic-6 MuiAppBar-colorPrimary-8"
>
  <div
    className="MuiToolbar-root-37 MuiToolbar-gutters-38 Header-toolbar-1"
  >
    <div
      className="Logo-logo-39"
    >
      <img
        alt="Entaxy logo"
        className="Logo-image-40"
        src="logo.png"
      />
      <a
        className="MuiTypography-root-42 MuiTypography-title-48 MuiTypography-colorInherit-61 Logo-title-41"
        href="/"
        onClick={[Function]}
      >
        Entaxy
      </a>
    </div>
    <div />
    <button
      className="MuiButtonBase-root-91 MuiButton-root-67 MuiButton-text-69 MuiButton-flat-72 MuiButton-colorInherit-86"
      disabled={false}
      onBlur={[Function]}
      onClick={[Function]}
      onFocus={[Function]}
      onKeyDown={[Function]}
      onKeyUp={[Function]}
      onMouseDown={[Function]}
      onMouseLeave={[Function]}
      onMouseUp={[Function]}
      onTouchEnd={[Function]}
      onTouchMove={[Function]}
      onTouchStart={[Function]}
      tabIndex="0"
      type="button"
    >
      <span
        className="MuiButton-label-68"
      >
        Login
      </span>
      <span
        className="MuiTouchRipple-root-94"
      />
    </button>
  </div>
</header>
`;
