// Jest Snapshot v1, https://goo.gl/fbAQLP

exports[`LandingCard matches snapshot 1`] = `
<div
  className="MuiGrid-container-9 Landing-root-1"
>
  <div
    className="MuiGrid-item-10 MuiGrid-grid-xs-6-41 Landing-left-2"
  >
    <div
      className="Landing-logo-3"
    >
      Entaxy
      <div
        className="Landing-tagline-4"
      >
        Order from chaos
      </div>
    </div>
    <div
      className="Landing-title-5"
    >
      Your Personal Finance Simple & Private
      <div
        className="Landing-description-6"
      >
        Insights into your finances, without sacrificing your data
      </div>
    </div>
    <div
      className="MuiGrid-container-9 Landing-cards-7"
    >
      <div
        className="MuiPaper-root-103 MuiPaper-elevation2-107 MuiPaper-rounded-104 MuiCard-root-102 LandingCard-card-100"
      >
        <div
          className="MuiCardHeader-root-130"
        >
          <div
            className="MuiCardHeader-content-133"
          >
            <span
              className="MuiTypography-root-136 MuiTypography-headline-141 MuiCardHeader-title-134"
            >
              Income Taxes
            </span>
            <span
              className="MuiTypography-root-136 MuiTypography-body1-145 MuiTypography-colorTextSecondary-158 MuiCardHeader-subheader-135"
            >
              At some point you will wonder how they work
            </span>
          </div>
          <div
            className="MuiCardHeader-action-132"
          >
            <a
              className="MuiButtonBase-root-166 MuiIconButton-root-160 MuiIconButton-colorSecondary-163 LandingCard-cardButton-101"
              href="/taxes"
              onBlur={[Function]}
              onClick={[Function]}
              onFocus={[Function]}
              onKeyDown={[Function]}
              onKeyUp={[Function]}
              onMouseDown={[Function]}
              onMouseLeave={[Function]}
              onMouseUp={[Function]}
              onTouchEnd={[Function]}
              onTouchMove={[Function]}
              onTouchStart={[Function]}
              role="button"
              tabIndex="0"
              variant="fab"
            >
              <span
                className="MuiIconButton-label-165"
              >
                <svg
                  aria-hidden="true"
                  className="MuiSvgIcon-root-169"
                  color={undefined}
                  focusable="false"
                  viewBox="0 0 24 24"
                >
                  <g>
                    <path
                      d="M12 4l-1.41 1.41L16.17 11H4v2h12.17l-5.58 5.59L12 20l8-8z"
                    />
                  </g>
                </svg>
              </span>
              <span
                className="MuiTouchRipple-root-175"
              />
            </a>
          </div>
        </div>
      </div>
      <div
        className="MuiPaper-root-103 MuiPaper-elevation2-107 MuiPaper-rounded-104 MuiCard-root-102 LandingCard-card-100"
      >
        <div
          className="MuiCardHeader-root-130"
        >
          <div
            className="MuiCardHeader-content-133"
          >
            <span
              className="MuiTypography-root-136 MuiTypography-headline-141 MuiCardHeader-title-134"
            >
              Portfolio
            </span>
            <span
              className="MuiTypography-root-136 MuiTypography-body1-145 MuiTypography-colorTextSecondary-158 MuiCardHeader-subheader-135"
            >
              ETFs, Crypto, etc
            </span>
          </div>
          <div
            className="MuiCardHeader-action-132"
          >
            <a
              className="MuiButtonBase-root-166 MuiIconButton-root-160 MuiIconButton-colorSecondary-163 LandingCard-cardButton-101"
              href="/portfolio"
              onBlur={[Function]}
              onClick={[Function]}
              onFocus={[Function]}
              onKeyDown={[Function]}
              onKeyUp={[Function]}
              onMouseDown={[Function]}
              onMouseLeave={[Function]}
              onMouseUp={[Function]}
              onTouchEnd={[Function]}
              onTouchMove={[Function]}
              onTouchStart={[Function]}
              role="button"
              tabIndex="0"
              variant="fab"
            >
              <span
                className="MuiIconButton-label-165"
              >
                <svg
                  aria-hidden="true"
                  className="MuiSvgIcon-root-169"
                  color={undefined}
                  focusable="false"
                  viewBox="0 0 24 24"
                >
                  <g>
                    <path
                      d="M12 4l-1.41 1.41L16.17 11H4v2h12.17l-5.58 5.59L12 20l8-8z"
                    />
                  </g>
                </svg>
              </span>
              <span
                className="MuiTouchRipple-root-175"
              />
            </a>
          </div>
        </div>
      </div>
    </div>
  </div>
  <div
    className="MuiGrid-item-10 MuiGrid-grid-xs-6-41 Landing-right-8"
  />
</div>
`;
