// Jest Snapshot v1, https://goo.gl/fbAQLP

exports[`IncomeLines matches snapshot 1`] = `
<g>
  <line
    className="vx-line"
    stroke="#009688"
    strokeDasharray=""
    strokeWidth={1}
    transform=""
    x1={0}
    x2={0}
    y1={40}
    y2={0}
  />
  <line
    className="vx-line"
    stroke="#009688"
    strokeDasharray=""
    strokeWidth={1}
    transform=""
    x1={0}
    x2={0}
    y1={0}
    y2={0}
  />
  <circle
    cx={NaN}
    cy={NaN}
    fill="white"
    fillOpacity={1}
    r={4}
    stroke="#009688"
    strokeOpacity={1}
    strokeWidth="1.5"
  />
</g>
`;
