// Jest Snapshot v1, https://goo.gl/fbAQLP

exports[`TaxBracketLines matches snapshot 1`] = `
<g>
  <line
    className="vx-line"
    stroke="#ffcdd2"
    strokeDasharray=""
    strokeWidth={1}
    transform=""
    x1={0}
    x2={0}
    y1={40}
    y2={10}
  />
  <text
    dy=".33em"
    fill="#37474f"
    fontFamily="Roboto"
    fontSize={9}
    textAnchor="middle"
    x={NaN}
    y={0}
  >
    5.05
  </text>
  <line
    className="vx-line"
    stroke="#ffcdd2"
    strokeDasharray=""
    strokeWidth={1}
    transform=""
    x1={0}
    x2={0}
    y1={40}
    y2={10}
  />
  <text
    dy=".33em"
    fill="#37474f"
    fontFamily="Roboto"
    fontSize={9}
    textAnchor="middle"
    x={NaN}
    y={0}
  >
    20.05
  </text>
  <line
    className="vx-line"
    stroke="#ffcdd2"
    strokeDasharray=""
    strokeWidth={1}
    transform=""
    x1={0}
    x2={0}
    y1={40}
    y2={10}
  />
  <text
    dy=".33em"
    fill="#37474f"
    fontFamily="Roboto"
    fontSize={9}
    textAnchor="middle"
    x={NaN}
    y={0}
  >
    24.15
  </text>
  <line
    className="vx-line"
    stroke="#ffcdd2"
    strokeDasharray=""
    strokeWidth={1}
    transform=""
    x1={0}
    x2={0}
    y1={40}
    y2={10}
  />
  <text
    dy=".33em"
    fill="#37474f"
    fontFamily="Roboto"
    fontSize={9}
    textAnchor="middle"
    x={NaN}
    y={0}
  >
    29.65
  </text>
  <line
    className="vx-line"
    stroke="#ffcdd2"
    strokeDasharray=""
    strokeWidth={1}
    transform=""
    x1={0}
    x2={0}
    y1={40}
    y2={10}
  />
  <text
    dy=".33em"
    fill="#37474f"
    fontFamily="Roboto"
    fontSize={9}
    textAnchor="middle"
    x={NaN}
    y={0}
  >
    31.66
  </text>
  <line
    className="vx-line"
    stroke="#ffcdd2"
    strokeDasharray=""
    strokeWidth={1}
    transform=""
    x1={0}
    x2={0}
    y1={40}
    y2={10}
  />
  <text
    dy=".33em"
    fill="#37474f"
    fontFamily="Roboto"
    fontSize={9}
    textAnchor="middle"
    x={NaN}
    y={0}
  >
    37.16
  </text>
  <line
    className="vx-line"
    stroke="#ffcdd2"
    strokeDasharray=""
    strokeWidth={1}
    transform=""
    x1={0}
    x2={0}
    y1={40}
    y2={10}
  />
  <text
    dy=".33em"
    fill="#37474f"
    fontFamily="Roboto"
    fontSize={9}
    textAnchor="middle"
    x={NaN}
    y={0}
  >
    40.16
  </text>
  <line
    className="vx-line"
    stroke="#ffcdd2"
    strokeDasharray=""
    strokeWidth={1}
    transform=""
    x1={0}
    x2={0}
    y1={40}
    y2={10}
  />
  <text
    dy=".33em"
    fill="#37474f"
    fontFamily="Roboto"
    fontSize={9}
    textAnchor="middle"
    x={NaN}
    y={0}
  >
    41.16
  </text>
  <line
    className="vx-line"
    stroke="#ffcdd2"
    strokeDasharray=""
    strokeWidth={1}
    transform=""
    x1={0}
    x2={0}
    y1={40}
    y2={10}
  />
  <text
    dy=".33em"
    fill="#37474f"
    fontFamily="Roboto"
    fontSize={9}
    textAnchor="middle"
    x={NaN}
    y={0}
  >
    45.16
  </text>
  <line
    className="vx-line"
    stroke="#ffcdd2"
    strokeDasharray=""
    strokeWidth={1}
    transform=""
    x1={0}
    x2={0}
    y1={40}
    y2={10}
  />
  <text
    dy=".33em"
    fill="#37474f"
    fontFamily="Roboto"
    fontSize={9}
    textAnchor="middle"
    x={NaN}
    y={0}
  >
    46.16
  </text>
</g>
`;
