// Jest Snapshot v1, https://goo.gl/fbAQLP

exports[`TaxChart matches snapshot 1`] = `
<div
  style={
    Object {
      "height": "100%",
      "width": "100%",
    }
  }
/>
`;
