// Jest Snapshot v1, https://goo.gl/fbAQLP

exports[`TransactionsToolbar matches snapshot with no transactions 1`] = `
<div
  className="MuiToolbar-root-7 MuiToolbar-regular-9 MuiToolbar-gutters-8 TableToolbar-root-1 TableToolbar-highlight-2"
>
  <div
    className="TableToolbar-title-6"
  >
    <h6
      className="MuiTypography-root-11 MuiTypography-subtitle1-29 MuiTypography-colorInherit-40"
    >
      4
       selected
    </h6>
  </div>
  <div
    className="TableToolbar-spacer-3"
  />
  <div
    className="TableToolbar-actions-4"
  >
    <button
      aria-describedby={null}
      aria-label="Delete"
      className="MuiButtonBase-root-60 MuiIconButton-root-54"
      disabled={false}
      onBlur={[Function]}
      onClick={[MockFunction]}
      onContextMenu={[Function]}
      onFocus={[Function]}
      onKeyDown={[Function]}
      onKeyUp={[Function]}
      onMouseDown={[Function]}
      onMouseLeave={[Function]}
      onMouseOver={[Function]}
      onMouseUp={[Function]}
      onTouchEnd={[Function]}
      onTouchMove={[Function]}
      onTouchStart={[Function]}
      tabIndex="0"
      title="Delete"
      type="button"
    >
      <span
        className="MuiIconButton-label-59"
      >
        <svg
          aria-hidden="true"
          className="MuiSvgIcon-root-63"
          focusable="false"
          role="presentation"
          viewBox="0 0 24 24"
        >
          <path
            d="M6 19c0 1.1.9 2 2 2h8c1.1 0 2-.9 2-2V7H6v12zM19 4h-3.5l-1-1h-5l-1 1H5v2h14V4z"
          />
          <path
            d="M0 0h24v24H0z"
            fill="none"
          />
        </svg>
      </span>
      <span
        className="MuiTouchRipple-root-72"
      />
    </button>
  </div>
</div>
`;
