// Jest Snapshot v1, https://goo.gl/fbAQLP

exports[`Settings matches snapshot with no accounts and no selected accountId 1`] = `
<div
  className="MuiGrid-root MuiGrid-container MuiGrid-justify-xs-center"
>
  <div
    className="MuiPaper-root MuiPaper-elevation1 MuiPaper-rounded"
  >
    <div>
      <h6
        className="MuiTypography-root MuiTypography-h6 MuiTypography-alignCenter"
      >
        Settings
      </h6>
      <button
        aria-label="Close"
        className="MuiButtonBase-root MuiIconButton-root"
        disabled={false}
        onBlur={[Function]}
        onClick={[Function]}
        onDragLeave={[Function]}
        onFocus={[Function]}
        onKeyDown={[Function]}
        onKeyUp={[Function]}
        onMouseDown={[Function]}
        onMouseLeave={[Function]}
        onMouseUp={[Function]}
        onTouchEnd={[Function]}
        onTouchMove={[Function]}
        onTouchStart={[Function]}
        tabIndex={0}
        type="button"
      >
        <span
          className="MuiIconButton-label"
        >
          <svg
            aria-hidden="true"
            className="MuiSvgIcon-root"
            focusable="false"
            role="presentation"
            viewBox="0 0 24 24"
          >
            <path
              d="M19 6.41L17.59 5 12 10.59 6.41 5 5 6.41 10.59 12 5 17.59 6.41 19 12 13.41 17.59 19 19 17.59 13.41 12z"
            />
          </svg>
        </span>
      </button>
    </div>
    <hr
      className="MuiDivider-root"
    />
    <SettingsForm
      handleDeleteAllData={[Function]}
      handleSave={[Function]}
    />
  </div>
</div>
`;
