// Jest Snapshot v1, https://goo.gl/fbAQLP

exports[`ImportedResults matches snapshot with errors 1`] = `
<div>
  <div
    className="TransactionsTableComponent-tableWrapper-5 makeStyles-tableWrapper-1"
  >
    <div
      className="MuiToolbar-root MuiToolbar-regular TableToolbar-root-14 MuiToolbar-gutters"
    >
      <div
        className="TableToolbar-title-18"
      >
        <div>
          <h6
            className="MuiTypography-root MuiTypography-h6"
          >
            Found 3 transactions
          </h6>
          <span
            className="MuiTypography-root MuiTypography-caption"
          >
            <div>
              <svg
                aria-hidden="true"
                className="MuiSvgIcon-root makeStyles-iconError-4"
                focusable="false"
                role="presentation"
                viewBox="0 0 24 24"
              >
                <path
                  d="M12 2C6.48 2 2 6.48 2 12s4.48 10 10 10 10-4.48 10-10S17.52 2 12 2zm1 15h-2v-2h2v2zm0-4h-2V7h2v6z"
                />
              </svg>
              1
              Â transactions have errors and will not be imported
            </div>
          </span>
        </div>
      </div>
      <div
        className="TableToolbar-spacer-16"
      />
      <div
        className="TableToolbar-actions-17"
      >
        <label
          className="MuiFormControlLabel-root ResultsToolbarComponent-chekbox-13"
        >
          <span
            className="MuiSwitch-root"
          >
            <span
              aria-disabled={false}
              className="MuiButtonBase-root MuiIconButton-root PrivateSwitchBase-root-70 MuiSwitch-switchBase MuiSwitch-colorSecondary"
              onBlur={[Function]}
              onDragLeave={[Function]}
              onFocus={[Function]}
              onKeyDown={[Function]}
              onKeyUp={[Function]}
              onMouseDown={[Function]}
              onMouseLeave={[Function]}
              onMouseUp={[Function]}
              onTouchEnd={[Function]}
              onTouchMove={[Function]}
              onTouchStart={[Function]}
              tabIndex={null}
            >
              <span
                className="MuiIconButton-label"
              >
                <span
                  className="MuiSwitch-thumb"
                />
                <input
                  checked={false}
                  className="PrivateSwitchBase-input-73 MuiSwitch-input"
                  onChange={[Function]}
                  type="checkbox"
                  value="showOnlyErrors"
                />
              </span>
              <span
                className="MuiTouchRipple-root"
              />
            </span>
            <span
              className="MuiSwitch-track"
            />
          </span>
          <span
            className="MuiTypography-root MuiFormControlLabel-label MuiTypography-body1"
          >
            Show only errors
          </span>
        </label>
      </div>
    </div>
    <div
      style={
        Object {
          "height": 0,
          "overflow": "visible",
          "width": 0,
        }
      }
    >
      <div
        aria-colcount={6}
        aria-rowcount={3}
        className="ReactVirtualized__Table"
        role="grid"
        style={Object {}}
      >
        <div
          className="ReactVirtualized__Table__headerRow TransactionsTableComponent-headerRow-6 TransactionsTableComponent-oddRow-9"
          role="row"
          style={
            Object {
              "height": 25,
              "overflow": "hidden",
              "paddingRight": 0,
              "width": 0,
            }
          }
        >
          <div
            aria-label="Date"
            aria-sort="descending"
            className="ReactVirtualized__Table__headerColumn ReactVirtualized__Table__sortableHeaderColumn"
            onClick={[Function]}
            onKeyDown={[Function]}
            role="columnheader"
            style={
              Object {
                "WebkitFlex": "0 1 120px",
                "flex": "0 1 120px",
                "msFlex": "0 1 120px",
              }
            }
            tabIndex={0}
          >
            <span
              className="ReactVirtualized__Table__headerTruncatedText"
              title="Date"
            >
              Date
            </span>
            <svg
              className="ReactVirtualized__Table__sortableHeaderIcon ReactVirtualized__Table__sortableHeaderIcon--DESC"
              height={18}
              viewBox="0 0 24 24"
              width={18}
            >
              <path
                d="M7 10l5 5 5-5z"
              />
              <path
                d="M0 0h24v24H0z"
                fill="none"
              />
            </svg>
          </div>
          <div
            className="ReactVirtualized__Table__headerColumn"
            role="columnheader"
            style={
              Object {
                "WebkitFlex": "1 1 200px",
                "flex": "1 1 200px",
                "msFlex": "1 1 200px",
              }
            }
          >
            <span
              className="ReactVirtualized__Table__headerTruncatedText"
              title="Description"
            >
              Description
            </span>
          </div>
          <div
            aria-label="Category"
            aria-sort="none"
            className="ReactVirtualized__Table__headerColumn ReactVirtualized__Table__sortableHeaderColumn"
            onClick={[Function]}
            onKeyDown={[Function]}
            role="columnheader"
            style={
              Object {
                "WebkitFlex": "0 1 200px",
                "flex": "0 1 200px",
                "msFlex": "0 1 200px",
              }
            }
            tabIndex={0}
          >
            <span
              className="ReactVirtualized__Table__headerTruncatedText"
              title="Category"
            >
              Category
            </span>
          </div>
          <div
            aria-label="In"
            aria-sort="none"
            className="ReactVirtualized__Table__headerColumn ReactVirtualized__Table__sortableHeaderColumn"
            onClick={[Function]}
            onKeyDown={[Function]}
            role="columnheader"
            style={
              Object {
                "WebkitFlex": "0 1 130px",
                "flex": "0 1 130px",
                "msFlex": "0 1 130px",
              }
            }
            tabIndex={0}
          >
            <span
              className="ReactVirtualized__Table__headerTruncatedText"
              title="In"
            >
              In
            </span>
          </div>
          <div
            aria-label="Out"
            aria-sort="none"
            className="ReactVirtualized__Table__headerColumn ReactVirtualized__Table__sortableHeaderColumn"
            onClick={[Function]}
            onKeyDown={[Function]}
            role="columnheader"
            style={
              Object {
                "WebkitFlex": "0 1 130px",
                "flex": "0 1 130px",
                "msFlex": "0 1 130px",
              }
            }
            tabIndex={0}
          >
            <span
              className="ReactVirtualized__Table__headerTruncatedText"
              title="Out"
            >
              Out
            </span>
          </div>
          <div
            className="ReactVirtualized__Table__headerColumn"
            role="columnheader"
            style={
              Object {
                "WebkitFlex": "0 1 20px",
                "flex": "0 1 20px",
                "msFlex": "0 1 20px",
              }
            }
          >
            <span
              className="ReactVirtualized__Table__headerTruncatedText"
              title={null}
            />
          </div>
        </div>
        <div
          aria-label="grid"
          aria-readonly={true}
          className="ReactVirtualized__Grid ReactVirtualized__Table__Grid"
          onScroll={[Function]}
          role="rowgroup"
          style={
            Object {
              "WebkitOverflowScrolling": "touch",
              "boxSizing": "border-box",
              "direction": "ltr",
              "height": -25,
              "overflowX": "hidden",
              "overflowY": "auto",
              "position": "relative",
              "width": 0,
              "willChange": "transform",
            }
          }
          tabIndex={0}
        />
      </div>
    </div>
  </div>
  <hr
    className="MuiDivider-root"
  />
  <div
    className="makeStyles-formActions-2"
  >
    <button
      className="MuiButtonBase-root MuiButton-root MuiButton-text MuiButton-textSecondary"
      disabled={false}
      onBlur={[Function]}
      onClick={[MockFunction]}
      onDragLeave={[Function]}
      onFocus={[Function]}
      onKeyDown={[Function]}
      onKeyUp={[Function]}
      onMouseDown={[Function]}
      onMouseLeave={[Function]}
      onMouseUp={[Function]}
      onTouchEnd={[Function]}
      onTouchMove={[Function]}
      onTouchStart={[Function]}
      tabIndex={0}
      type="button"
    >
      <span
        className="MuiButton-label"
      >
        Save Transactions
      </span>
      <span
        className="MuiTouchRipple-root"
      />
    </button>
    <button
      className="MuiButtonBase-root MuiButton-root MuiButton-text MuiButton-textSecondary"
      disabled={false}
      onBlur={[Function]}
      onClick={[MockFunction]}
      onDragLeave={[Function]}
      onFocus={[Function]}
      onKeyDown={[Function]}
      onKeyUp={[Function]}
      onMouseDown={[Function]}
      onMouseLeave={[Function]}
      onMouseUp={[Function]}
      onTouchEnd={[Function]}
      onTouchMove={[Function]}
      onTouchStart={[Function]}
      tabIndex={0}
      type="button"
    >
      <span
        className="MuiButton-label"
      >
        Back
      </span>
      <span
        className="MuiTouchRipple-root"
      />
    </button>
  </div>
</div>
`;

exports[`ImportedResults matches snapshot without errors 1`] = `
<div>
  <div
    className="TransactionsTableComponent-tableWrapper-5 makeStyles-tableWrapper-1"
  >
    <div
      className="MuiToolbar-root MuiToolbar-regular TableToolbar-root-14 MuiToolbar-gutters"
    >
      <div
        className="TableToolbar-title-18"
      >
        <div>
          <h6
            className="MuiTypography-root MuiTypography-h6"
          >
            Found 2 transactions
          </h6>
          <span
            className="MuiTypography-root MuiTypography-caption"
          >
            No errors
          </span>
        </div>
      </div>
      <div
        className="TableToolbar-spacer-16"
      />
      <div
        className="TableToolbar-actions-17"
      >
        <label
          className="MuiFormControlLabel-root ResultsToolbarComponent-chekbox-13"
        >
          <span
            className="MuiSwitch-root"
          >
            <span
              aria-disabled={false}
              className="MuiButtonBase-root MuiIconButton-root PrivateSwitchBase-root-70 MuiSwitch-switchBase MuiSwitch-colorSecondary"
              onBlur={[Function]}
              onDragLeave={[Function]}
              onFocus={[Function]}
              onKeyDown={[Function]}
              onKeyUp={[Function]}
              onMouseDown={[Function]}
              onMouseLeave={[Function]}
              onMouseUp={[Function]}
              onTouchEnd={[Function]}
              onTouchMove={[Function]}
              onTouchStart={[Function]}
              tabIndex={null}
            >
              <span
                className="MuiIconButton-label"
              >
                <span
                  className="MuiSwitch-thumb"
                />
                <input
                  checked={false}
                  className="PrivateSwitchBase-input-73 MuiSwitch-input"
                  onChange={[Function]}
                  type="checkbox"
                  value="showOnlyErrors"
                />
              </span>
              <span
                className="MuiTouchRipple-root"
              />
            </span>
            <span
              className="MuiSwitch-track"
            />
          </span>
          <span
            className="MuiTypography-root MuiFormControlLabel-label MuiTypography-body1"
          >
            Show only errors
          </span>
        </label>
      </div>
    </div>
    <div
      style={
        Object {
          "height": 0,
          "overflow": "visible",
          "width": 0,
        }
      }
    >
      <div
        aria-colcount={6}
        aria-rowcount={2}
        className="ReactVirtualized__Table"
        role="grid"
        style={Object {}}
      >
        <div
          className="ReactVirtualized__Table__headerRow TransactionsTableComponent-headerRow-6 TransactionsTableComponent-oddRow-9"
          role="row"
          style={
            Object {
              "height": 25,
              "overflow": "hidden",
              "paddingRight": 0,
              "width": 0,
            }
          }
        >
          <div
            aria-label="Date"
            aria-sort="descending"
            className="ReactVirtualized__Table__headerColumn ReactVirtualized__Table__sortableHeaderColumn"
            onClick={[Function]}
            onKeyDown={[Function]}
            role="columnheader"
            style={
              Object {
                "WebkitFlex": "0 1 120px",
                "flex": "0 1 120px",
                "msFlex": "0 1 120px",
              }
            }
            tabIndex={0}
          >
            <span
              className="ReactVirtualized__Table__headerTruncatedText"
              title="Date"
            >
              Date
            </span>
            <svg
              className="ReactVirtualized__Table__sortableHeaderIcon ReactVirtualized__Table__sortableHeaderIcon--DESC"
              height={18}
              viewBox="0 0 24 24"
              width={18}
            >
              <path
                d="M7 10l5 5 5-5z"
              />
              <path
                d="M0 0h24v24H0z"
                fill="none"
              />
            </svg>
          </div>
          <div
            className="ReactVirtualized__Table__headerColumn"
            role="columnheader"
            style={
              Object {
                "WebkitFlex": "1 1 200px",
                "flex": "1 1 200px",
                "msFlex": "1 1 200px",
              }
            }
          >
            <span
              className="ReactVirtualized__Table__headerTruncatedText"
              title="Description"
            >
              Description
            </span>
          </div>
          <div
            aria-label="Category"
            aria-sort="none"
            className="ReactVirtualized__Table__headerColumn ReactVirtualized__Table__sortableHeaderColumn"
            onClick={[Function]}
            onKeyDown={[Function]}
            role="columnheader"
            style={
              Object {
                "WebkitFlex": "0 1 200px",
                "flex": "0 1 200px",
                "msFlex": "0 1 200px",
              }
            }
            tabIndex={0}
          >
            <span
              className="ReactVirtualized__Table__headerTruncatedText"
              title="Category"
            >
              Category
            </span>
          </div>
          <div
            aria-label="In"
            aria-sort="none"
            className="ReactVirtualized__Table__headerColumn ReactVirtualized__Table__sortableHeaderColumn"
            onClick={[Function]}
            onKeyDown={[Function]}
            role="columnheader"
            style={
              Object {
                "WebkitFlex": "0 1 130px",
                "flex": "0 1 130px",
                "msFlex": "0 1 130px",
              }
            }
            tabIndex={0}
          >
            <span
              className="ReactVirtualized__Table__headerTruncatedText"
              title="In"
            >
              In
            </span>
          </div>
          <div
            aria-label="Out"
            aria-sort="none"
            className="ReactVirtualized__Table__headerColumn ReactVirtualized__Table__sortableHeaderColumn"
            onClick={[Function]}
            onKeyDown={[Function]}
            role="columnheader"
            style={
              Object {
                "WebkitFlex": "0 1 130px",
                "flex": "0 1 130px",
                "msFlex": "0 1 130px",
              }
            }
            tabIndex={0}
          >
            <span
              className="ReactVirtualized__Table__headerTruncatedText"
              title="Out"
            >
              Out
            </span>
          </div>
          <div
            className="ReactVirtualized__Table__headerColumn"
            role="columnheader"
            style={
              Object {
                "WebkitFlex": "0 1 20px",
                "flex": "0 1 20px",
                "msFlex": "0 1 20px",
              }
            }
          >
            <span
              className="ReactVirtualized__Table__headerTruncatedText"
              title={null}
            />
          </div>
        </div>
        <div
          aria-label="grid"
          aria-readonly={true}
          className="ReactVirtualized__Grid ReactVirtualized__Table__Grid"
          onScroll={[Function]}
          role="rowgroup"
          style={
            Object {
              "WebkitOverflowScrolling": "touch",
              "boxSizing": "border-box",
              "direction": "ltr",
              "height": -25,
              "overflowX": "hidden",
              "overflowY": "auto",
              "position": "relative",
              "width": 0,
              "willChange": "transform",
            }
          }
          tabIndex={0}
        />
      </div>
    </div>
  </div>
  <hr
    className="MuiDivider-root"
  />
  <div
    className="makeStyles-formActions-2"
  >
    <button
      className="MuiButtonBase-root MuiButton-root MuiButton-text MuiButton-textSecondary"
      disabled={false}
      onBlur={[Function]}
      onClick={[MockFunction]}
      onDragLeave={[Function]}
      onFocus={[Function]}
      onKeyDown={[Function]}
      onKeyUp={[Function]}
      onMouseDown={[Function]}
      onMouseLeave={[Function]}
      onMouseUp={[Function]}
      onTouchEnd={[Function]}
      onTouchMove={[Function]}
      onTouchStart={[Function]}
      tabIndex={0}
      type="button"
    >
      <span
        className="MuiButton-label"
      >
        Save Transactions
      </span>
      <span
        className="MuiTouchRipple-root"
      />
    </button>
    <button
      className="MuiButtonBase-root MuiButton-root MuiButton-text MuiButton-textSecondary"
      disabled={false}
      onBlur={[Function]}
      onClick={[MockFunction]}
      onDragLeave={[Function]}
      onFocus={[Function]}
      onKeyDown={[Function]}
      onKeyUp={[Function]}
      onMouseDown={[Function]}
      onMouseLeave={[Function]}
      onMouseUp={[Function]}
      onTouchEnd={[Function]}
      onTouchMove={[Function]}
      onTouchStart={[Function]}
      tabIndex={0}
      type="button"
    >
      <span
        className="MuiButton-label"
      >
        Back
      </span>
      <span
        className="MuiTouchRipple-root"
      />
    </button>
  </div>
</div>
`;
