// Jest Snapshot v1, https://goo.gl/fbAQLP

exports[`LoginButton matches snapshot with logged in user profile 1`] = `
<div>
  <div
    aria-describedby={null}
    className="MuiAvatar-root-9 MuiAvatar-colorDefault-10"
    onBlur={[Function]}
    onFocus={[Function]}
    onMouseLeave={[Function]}
    onMouseOver={[Function]}
    onTouchEnd={[Function]}
    onTouchStart={[Function]}
    title="Test"
  />
  <button
    aria-owns={null}
    className="MuiButtonBase-root-38 MuiButton-root-12 MuiButton-text-14 MuiButton-flat-17 MuiButton-colorInherit-33"
    disabled={false}
    onBlur={[Function]}
    onClick={[Function]}
    onContextMenu={[Function]}
    onFocus={[Function]}
    onKeyDown={[Function]}
    onKeyUp={[Function]}
    onMouseDown={[Function]}
    onMouseLeave={[Function]}
    onMouseUp={[Function]}
    onTouchEnd={[Function]}
    onTouchMove={[Function]}
    onTouchStart={[Function]}
    tabIndex="0"
    type="button"
  >
    <span
      className="MuiButton-label-13"
    >
      Test name
    </span>
    <span
      className="MuiTouchRipple-root-41"
    />
  </button>
</div>
`;
