// Jest Snapshot v1, https://goo.gl/fbAQLP

exports[`SnackbarMessage matches snapshot 1`] = `null`;
