// Jest Snapshot v1, https://goo.gl/fbAQLP

exports[`ProfilePicture matches snapshot with logged in user profile 1`] = `
<img
  alt="Tester"
  src="some url"
  style={
    Object {
      "width": 30,
    }
  }
/>
`;
